package ;

import .ApiException;
import .ApiClient;
import .Configuration;
import .Pair;

import javax.ws.rs.core.GenericType;


import java.util.ArrayList;
import java.util.HashMap;
import java.util.List;
import java.util.Map;

@javax.annotation.Generated(value = "", date = "")