/*
 * 
 * 
 *
 * 
 * 
 *
 * NOTE: This class is auto generated by the swagger code generator program.
 * https://github.com/swagger-api/swagger-codegen.git
 * Do not edit the class manually.
 */

package ;

//SI1A TEST OK SME Handlebars

import java.util.Objects;
import java.util.Arrays;

